
  .   ____          _            __ _ _
 /\\ / ___'_ __ _ _(_)_ __  __ _ \ \ \ \
( ( )\___ | '_ | '_| | '_ \/ _` | \ \ \ \
 \\/  ___)| |_)| | | | | || (_| |  ) ) ) )
  '  |____| .__|_| |_|_| |_\__, | / / / /
 =========|_|==============|___/=/_/_/_/

 :: Spring Boot ::                (v3.3.5)

2026-04-04T02:18:29.140+05:00  INFO 37356 --- [           main] com.rentit.RentItApplication             : Starting RentItApplication v1.0.0 using Java 17.0.10 with PID 37356 (D:\Lancers\Projects\RentIt\target\rentit-1.0.0.jar started by faixi in D:\Lancers\Projects\RentIt)
2026-04-04T02:18:29.149+05:00  INFO 37356 --- [           main] com.rentit.RentItApplication             : No active profile set, falling back to 1 default profile: "default"
2026-04-04T02:18:32.626+05:00  INFO 37356 --- [           main] .s.d.r.c.RepositoryConfigurationDelegate : Bootstrapping Spring Data JPA repositories in DEFAULT mode.
2026-04-04T02:18:32.860+05:00  INFO 37356 --- [           main] .s.d.r.c.RepositoryConfigurationDelegate : Finished Spring Data repository scanning in 188 ms. Found 8 JPA repository interfaces.
2026-04-04T02:18:35.948+05:00  INFO 37356 --- [           main] o.s.b.w.embedded.tomcat.TomcatWebServer  : Tomcat initialized with port 8080 (http)
2026-04-04T02:18:36.380+05:00  INFO 37356 --- [           main] o.apache.catalina.core.StandardService   : Starting service [Tomcat]
2026-04-04T02:18:36.425+05:00  INFO 37356 --- [           main] o.apache.catalina.core.StandardEngine    : Starting Servlet engine: [Apache Tomcat/10.1.31]
2026-04-04T02:18:36.593+05:00  INFO 37356 --- [           main] o.a.c.c.C.[Tomcat].[localhost].[/]       : Initializing Spring embedded WebApplicationContext
2026-04-04T02:18:36.598+05:00  INFO 37356 --- [           main] w.s.c.ServletWebServerApplicationContext : Root WebApplicationContext: initialization completed in 7278 ms
2026-04-04T02:18:36.755+05:00  INFO 37356 --- [           main] com.zaxxer.hikari.HikariDataSource       : HikariPool-1 - Starting...
2026-04-04T02:18:41.901+05:00  INFO 37356 --- [           main] com.zaxxer.hikari.pool.HikariPool        : HikariPool-1 - Added connection conn1: url=jdbc:h2:file:./data/rentit user=SA
2026-04-04T02:18:41.907+05:00  INFO 37356 --- [           main] com.zaxxer.hikari.HikariDataSource       : HikariPool-1 - Start completed.
2026-04-04T02:18:41.933+05:00  INFO 37356 --- [           main] o.s.b.a.h2.H2ConsoleAutoConfiguration    : H2 console available at '/h2-console'. Database available at 'jdbc:h2:file:./data/rentit'
2026-04-04T02:18:42.526+05:00  INFO 37356 --- [           main] o.hibernate.jpa.internal.util.LogHelper  : HHH000204: Processing PersistenceUnitInfo [name: default]
2026-04-04T02:18:42.810+05:00  INFO 37356 --- [           main] org.hibernate.Version                    : HHH000412: Hibernate ORM core version 6.5.3.Final
2026-04-04T02:18:42.971+05:00  INFO 37356 --- [           main] o.h.c.internal.RegionFactoryInitiator    : HHH000026: Second-level cache disabled
2026-04-04T02:18:44.281+05:00  INFO 37356 --- [           main] o.s.o.j.p.SpringPersistenceUnitInfo      : No LoadTimeWeaver setup: ignoring JPA class transformer
2026-04-04T02:18:47.622+05:00  INFO 37356 --- [           main] o.h.e.t.j.p.i.JtaPlatformInitiator       : HHH000489: No JTA platform available (set 'hibernate.transaction.jta.platform' to enable JTA platform integration)
2026-04-04T02:18:47.781+05:00  INFO 37356 --- [           main] j.LocalContainerEntityManagerFactoryBean : Initialized JPA EntityManagerFactory for persistence unit 'default'
2026-04-04T02:18:49.685+05:00  INFO 37356 --- [           main] o.s.d.j.r.query.QueryEnhancerFactory     : Hibernate is in classpath; If applicable, HQL parser will be used.
2026-04-04T02:18:51.780+05:00  INFO 37356 --- [           main] o.s.b.a.w.s.WelcomePageHandlerMapping    : Adding welcome page: class path resource [static/index.html]
2026-04-04T02:18:52.812+05:00  INFO 37356 --- [           main] o.s.b.w.embedded.tomcat.TomcatWebServer  : Tomcat started on port 8080 (http) with context path '/'
2026-04-04T02:18:52.862+05:00  INFO 37356 --- [           main] com.rentit.RentItApplication             : Started RentItApplication in 25.62 seconds (process running for 27.167)
2026-04-04T02:19:03.319+05:00  INFO 37356 --- [nio-8080-exec-1] o.a.c.c.C.[Tomcat].[localhost].[/]       : Initializing Spring DispatcherServlet 'dispatcherServlet'
2026-04-04T02:19:03.322+05:00  INFO 37356 --- [nio-8080-exec-1] o.s.web.servlet.DispatcherServlet        : Initializing Servlet 'dispatcherServlet'
2026-04-04T02:19:03.325+05:00  INFO 37356 --- [nio-8080-exec-1] o.s.web.servlet.DispatcherServlet        : Completed initialization in 1 ms
